../Core/Src/main.c:60:6:forward	16	static
../Core/Src/main.c:70:6:turnright	16	static
../Core/Src/main.c:79:6:turnleft	16	static
../Core/Src/main.c:88:6:backward	16	static
../Core/Src/main.c:97:6:stop	8	static
../Core/Src/main.c:107:6:setColorFilter	16	static
../Core/Src/main.c:113:10:readFrequency	16	static
../Core/Src/main.c:129:6:readColors	24	static
../Core/Src/main.c:150:5:main	64	static
../Core/Src/main.c:310:6:SystemClock_Config	72	static
../Core/Src/main.c:347:13:MX_TIM2_Init	64	static
../Core/Src/main.c:413:13:MX_GPIO_Init	32	static
../Core/Src/main.c:467:6:Error_Handler	4	static,ignoring_inline_asm
